{"HostConfigHash":"96064a9","CardHash":"352db38","Error":null}