{"HostConfigHash":"cd9e1e1","CardHash":"352db38","Error":null}