{"HostConfigHash":"5cd4939","CardHash":"352db38","Error":null}