{"HostConfigHash":"9047d0d","CardHash":"352db38","Error":null}