{"HostConfigHash":"2f5308b","CardHash":"352db38","Error":null}