{"HostConfigHash":"f226dbd","CardHash":"352db38","Error":null}