{"HostConfigHash":"7a1e012","CardHash":"352db38","Error":null}